706475,706475,1BH24607,1BH24607,,2100,,471.00,GBP,Import,,08/09/2023,
766951,766951,1PC09913,1PC09913,,2410,,14618.00,GBP,Import,,08/09/2023,
015556,015556,1SA00002,1SA00002,,1100,,45030.00,GBP,Import,,07/09/2023,
